
Reading in pairwise data ... 

Working on collapsed data ... 

Preparing to get recurrence ...

Reading in MAF ...
Getting Cluster ID's & Centroids
Found 5 clusters
