Q15796
P84022
Q13485
Q15796
Creating prep/proximityFiles/annotations/Q15796.ProximityFile.csv
P84022
Creating prep/proximityFiles/annotations/P84022.ProximityFile.csv
Q13485
Creating prep/proximityFiles/annotations/Q13485.ProximityFile.csv
