Q15796
Creating prep/proximityFiles/cosmicanno/Q15796.ProximityFile.csv
P84022
Creating prep/proximityFiles/cosmicanno/P84022.ProximityFile.csv
Q13485
Creating prep/proximityFiles/cosmicanno/Q13485.ProximityFile.csv
