Q15796
-------prep/proximityFiles/cosmicanno/Q15796.ProximityFile.csv---
Creating prep/prioritization/Q15796.ProximityFile.csv
P84022
-------prep/proximityFiles/cosmicanno/P84022.ProximityFile.csv---
Creating prep/prioritization/P84022.ProximityFile.csv
Q13485
-------prep/proximityFiles/cosmicanno/Q13485.ProximityFile.csv---
Creating prep/prioritization/Q13485.ProximityFile.csv
