Q15796
Creating prep/proximityFiles/pvalues/Q15796.ProximityFile.csv
P84022
Creating prep/proximityFiles/pvalues/P84022.ProximityFile.csv
Q13485
Creating prep/proximityFiles/pvalues/Q13485.ProximityFile.csv
